# path.log — the model path, not the shining path.
# The walk as actually walked: one entry per change, oldest at the top,
# newest appended at the bottom, never rewritten. Each entry carries the
# meters where they were taken; older entries predate the meters and say so.
# Format:
# YYYY-MM-DD | <commit> | <files> | <what> | qual <b>-><a> | health <b>-><a> | tests <pass>/<fail> | verse <held|warmed|cooled: before -> after>
# The verse field starts 2026-10-02 and is for a .h. A landed day is major when that header is in the diff, and minor when only the .c moved. Older lines omit the verse and the class.
# A day that lands no change still appends. Commit is `-`. Meters not taken are `n/a`.
2026-09-22 | 2599239 | README,config,controller,editor | 1.0.7: open on the compiler's line, edit C in place | meters predate the loop | tests unknown
2026-09-29 | e61babd | controller,view,test,README | deletions: controller/view/test cleanup (+23/-122) | meters predate the loop | tests unknown
2026-10-01 | 85e00d7 | model/model.h | GapBuffer ops documented, first pass (+9) | qual unknown->73.1 | health unknown | tests 192/192
2026-10-01 | ca92f86 | model/model.h | GapBuffer block finished; Buffer ops documented (+15) | qual 73.1->70.0->59.0 | health 0.39->0.46->0.59 | tests 192/192
2026-10-01 | c15706f | doc/PROCESS.md | dual-meter process: thermometer gate + Jev battery (+53/-10) | qual 53.9->42.1 | semantic check by hand | tests n/a (prose)
2026-10-01 | uncommitted | path.log | log itself created: the model path begins | qual baseline below | n/a | n/a
2026-10-02 | - | test/test_controller.h | fail: change left the module or touched too many files | qual 83.7->n/a | health 0.363->n/a | tests n/a
2026-10-03 | 9115524 | test/test_controller.h | major: Removed dead run_all_tests declaration from test_controller.h (+0/-3) | qual 83.7->83.5 | health 0.359->0.417 | tests 192/192 | verse held: Absolute precision / Lasers cutting through the dark / Unmatched accuracy
2026-10-04 | - | - | fail: tracked tree dirty | qual n/a->n/a | health n/a->n/a | tests n/a
2026-10-05 | - | - | fail: tracked tree dirty | qual n/a->n/a | health n/a->n/a | tests n/a
2026-10-06 | 45d2d96 | view/view.h | major: Documented view_recreate_text_window: delwin if set, recreate per show_border, COLOR_PAIR( (+8/-0) | qual 25.1->18.3 | health 0.352->0.38 | tests 192/192 | verse cooled: Ink is dry at last / First standard operates now / Shaky but alive -> Miracles don’t last / Shaky hands can’t hold the line / Back to mud again
2026-10-07 | 1f96177 | view/view.h | major: Documented visual_column: borrowed, zero, clamp, tab 8, tabs and UTF-8 (+6/-0) | qual 18.3->16.3 | health 0.395->0.368 | tests 192/192 | verse cooled: Miracles don’t last / Shaky hands can’t hold the line / Back to mud again -> Chaos takes a break / Quiet morning, storm at night / Safe by accident
2026-10-08 | b5e141f | view/view.c | minor: visual_column passes logical_pos-i to utf8_char_width so bytes past the offset are not cou (+1/-1) | qual 16.3->16.3 | health 0.382->0.388 | tests 192/192 | verse held: Chaos takes a break / Quiet morning, storm at night / Safe by accident
